// 同步 ID: 03b0dbd0 @ Sun Jul 19 11:14:13 UTC 2026
// 同步 ID: b6fb05ce @ Sun Jul 19 15:58:53 UTC 2026
// 重构日志: 8fbf3a63
// 同步 ID: d5fc88d4 @ Mon Jul 20 14:14:07 UTC 2026
// 同步 ID: 239576a5 @ Mon Jul 20 15:26:42 UTC 2026
// 重构日志: 48b21266
// 同步 ID: bf808074 @ Tue Jul 21 13:26:12 UTC 2026
// 重构日志: 943fae91
// 重构日志: 728a26ec
// 重构日志: 25f2f9c1
// 重构日志: f8c4dc81
// 重构日志: 6aec35c1
// 同步 ID: c48884fe @ Sat Jul 25 14:22:38 UTC 2026
// 同步 ID: a110db0d @ Sat Jul 25 18:00:30 UTC 2026
// 重构日志: cc625dc8
// 同步 ID: ddb44c04 @ Mon Jul 27 17:45:11 UTC 2026
// 重构日志: 03396014
// 重构日志: 7314a125
// 重构日志: 176e94a1
// 同步 ID: c0cd15d0 @ Wed Jul 29 01:11:17 UTC 2026
// 重构日志: 376ea876
// 重构日志: 084c4a63
// 重构日志: ca8f9108
// 重构日志: 77a93b3c
// 重构日志: a69f31d3
// 重构日志: 8ca16521
// 重构日志: 049aa27e
// 同步 ID: a79b32bd @ Sun Aug  2 08:33:54 UTC 2026
// 同步 ID: 17cbd43c @ Sun Aug  2 12:08:11 UTC 2026
// 同步 ID: 47b8bfc3 @ Mon Aug  3 01:37:48 UTC 2026
// 重构日志: b9aa0e8c
